["Security", "Schemas", "Documents", "App-Services", "Last-Login", "Triggers", "Modules", "Fab"]
 