<html xmlns="http://www.w3.org/1999/xhtml">
  <head>
    <title>MarkLogic Server - Database Listing</title>
  </head>
  <body><p>Security</p><p>Schemas</p><p>Documents</p><p>App-Services</p><p>Last-Login</p><p>Documentation</p><p>Triggers</p><p>Modules</p><p>Fab</p></body>
</html>
