<databases>
  <database id="12803784884617966720">Security</database>
  <database id="4754745607263771025">Schemas</database>
  <database id="11566888833277679620">Documents</database>
  <database id="15153962187444946487">App-Services</database>
  <database id="11552807500255451800">Last-Login</database>
  <database id="16102477973380615723">Triggers</database>
  <database id="11537455809792408525">Modules</database>
  <database id="13510060154442378446">Fab</database>
</databases>
 