<welcome>
  <product>marklogic</product>
  <version>4.2-1</version>
</welcome>
 