<html xmlns="http://www.w3.org/1999/xhtml">
  <head>
    <title>MarkLogic Server Version Information</title>
  </head>
  <body>4.2-1</body>
</html>
