< HTTP/1.1 302 Found
< Location: http://developer.marklogic.com/products
< Server: MarkLogic
< Content-Length: 0
< Connection: close
< 
