{"error":"illegal_database_name","reason":"Only lowercase characters (a-z), digits (0-9), and any of the characters _, and - are allowed. Must begin with a letter."}