["Triggers", "Last-Login", "Schemas", "Documents", "App-Services", "Security", "Fab", "Modules"]
 