<forests>
  <forest id="10197055408561029936">Triggers</forest>
  <forest id="14016953481382448642">Last-Login</forest>
  <forest id="15413989367111532755">Schemas</forest>
  <forest id="4101250959913806120">Documents</forest>
  <forest id="15328071620698683416">App-Services</forest>
  <forest id="12620115732011072297">Security</forest>
  <forest id="5666773163079113644">Fab</forest>
  <forest id="8907563467982649407">Modules</forest>
</forests>
 